config: batch_size=8 lr=0.001 hard_negative_radius_cells=24 lambda_hard_negative=0.0 imaging_noise_profile=harsh geometric_profile=normal dram_presets=all
initialized weights from checkpoints/nh_stage1_normal/last.pt (its step=7000, acc@3px=1.000); starting this run fresh at step 0 with a new optimizer/scheduler
/home/nihal/Desktop/Huggingface/KryonixNova/puthere/scripts/train.py:337: UserWarning: Detected call of `lr_scheduler.step()` before `optimizer.step()`. In PyTorch 1.1.0 and later, you should call them in the opposite order: `optimizer.step()` before `lr_scheduler.step()`.  Failure to do this will result in PyTorch skipping the first value of the learning rate schedule. See more details at https://pytorch.org/docs/stable/optim.html#how-to-adjust-learning-rate
  sched.step()
/home/nihal/Desktop/Huggingface/KryonixNova/puthere/scripts/train.py:341: UserWarning: Converting a tensor with requires_grad=True to a scalar may lead to unexpected behavior.
Consider using tensor.detach() first. (Triggered internally at /__w/pytorch/pytorch/torch/csrc/autograd/generated/python_variable_methods.cpp:822.)
  print(f"step {step:>6}  loss {float(loss):.4f}  "
step    100  loss 2.6879  1.0 it/s
step    200  loss 2.5368  1.3 it/s
step    300  loss 3.5887  1.5 it/s
step    400  loss 2.6134  1.6 it/s
step    500  loss 2.1337  1.6 it/s
step    600  loss 2.7285  1.7 it/s
step    700  loss 3.5296  1.7 it/s
step    800  loss 3.4050  1.8 it/s
step    900  loss 2.5178  1.8 it/s
step   1000  loss 2.7549  1.8 it/s
  [val] acc@1px 0.081  acc@3px 0.297  acc@5px 0.391  median 8.4px  AP 0.134
  [val] std_x 246.70px  std_y 249.60px  distinct_preds 320/320
  saved new best (acc@3px 0.297)
step   1100  loss 2.7128  1.7 it/s
step   1200  loss 3.2090  1.7 it/s
step   1300  loss 2.6492  1.7 it/s
step   1400  loss 2.4474  1.7 it/s
step   1500  loss 2.7672  1.7 it/s
step   1600  loss 2.6903  1.7 it/s
step   1700  loss 2.1766  1.8 it/s
step   1800  loss 3.0127  1.8 it/s
step   1900  loss 3.7389  1.8 it/s
step   2000  loss 3.8089  1.8 it/s
  [val] acc@1px 0.097  acc@3px 0.312  acc@5px 0.419  median 6.7px  AP 0.160
  [val] std_x 241.26px  std_y 236.10px  distinct_preds 320/320
  saved new best (acc@3px 0.312)
step   2100  loss 2.9276  1.7 it/s
step   2200  loss 1.9482  1.7 it/s
step   2300  loss 2.4951  1.7 it/s
step   2400  loss 2.3471  1.7 it/s
step   2500  loss 2.2331  1.8 it/s
step   2600  loss 2.2815  1.8 it/s
step   2700  loss 1.8295  1.8 it/s
step   2800  loss 2.1867  1.8 it/s
step   2900  loss 1.7962  1.8 it/s
step   3000  loss 2.1537  1.8 it/s
  [val] acc@1px 0.097  acc@3px 0.312  acc@5px 0.456  median 5.9px  AP 0.146
  [val] std_x 257.74px  std_y 252.09px  distinct_preds 320/320
step   3100  loss 1.9382  1.7 it/s
step   3200  loss 1.4497  1.8 it/s
step   3300  loss 2.0897  1.8 it/s
step   3400  loss 2.8673  1.8 it/s
step   3500  loss 2.7324  1.8 it/s
step   3600  loss 2.4839  1.8 it/s
step   3700  loss 2.5214  1.8 it/s
step   3800  loss 3.4263  1.8 it/s
step   3900  loss 2.2101  1.8 it/s
step   4000  loss 1.6394  1.8 it/s
  [val] acc@1px 0.087  acc@3px 0.294  acc@5px 0.444  median 6.3px  AP 0.145
  [val] std_x 253.03px  std_y 251.11px  distinct_preds 320/320
step   4100  loss 2.6224  1.8 it/s
step   4200  loss 1.3087  1.8 it/s
step   4300  loss 2.0423  1.8 it/s
step   4400  loss 2.7729  1.8 it/s
step   4500  loss 2.2697  1.8 it/s
step   4600  loss 1.5361  1.8 it/s
step   4700  loss 1.9921  1.8 it/s
step   4800  loss 1.2681  1.8 it/s
step   4900  loss 2.0952  1.8 it/s
step   5000  loss 1.1441  1.8 it/s
  [val] acc@1px 0.116  acc@3px 0.350  acc@5px 0.466  median 5.7px  AP 0.205
  [val] std_x 256.30px  std_y 251.76px  distinct_preds 320/320
  saved new best (acc@3px 0.350)
step   5100  loss 1.4614  1.8 it/s
step   5200  loss 2.3411  1.8 it/s
step   5300  loss 1.7971  1.8 it/s
step   5400  loss 2.2161  1.8 it/s
step   5500  loss 2.9492  1.8 it/s
step   5600  loss 1.1086  1.8 it/s
step   5700  loss 1.3160  1.8 it/s
step   5800  loss 1.5424  1.8 it/s
step   5900  loss 1.4833  1.8 it/s
step   6000  loss 2.2470  1.8 it/s
  [val] acc@1px 0.122  acc@3px 0.331  acc@5px 0.444  median 6.2px  AP 0.196
  [val] std_x 244.55px  std_y 242.52px  distinct_preds 320/320
step   6100  loss 1.9352  1.8 it/s
step   6200  loss 1.4928  1.8 it/s
step   6300  loss 1.9129  1.8 it/s
step   6400  loss 1.5321  1.8 it/s
step   6500  loss 1.5274  1.8 it/s
step   6600  loss 1.0867  1.8 it/s
step   6700  loss 1.3691  1.8 it/s
step   6800  loss 1.4049  1.8 it/s
step   6900  loss 1.9503  1.8 it/s
step   7000  loss 1.7162  1.8 it/s
  [val] acc@1px 0.116  acc@3px 0.347  acc@5px 0.469  median 5.8px  AP 0.215
  [val] std_x 258.74px  std_y 252.24px  distinct_preds 320/320
step   7100  loss 3.3611  1.8 it/s
step   7200  loss 1.9059  1.8 it/s
step   7300  loss 2.3760  1.8 it/s
step   7400  loss 2.0002  1.8 it/s
step   7500  loss 1.4504  1.8 it/s
step   7600  loss 2.1984  1.8 it/s
step   7700  loss 1.7811  1.8 it/s
step   7800  loss 1.5038  1.8 it/s
step   7900  loss 1.6148  1.8 it/s
step   8000  loss 1.4584  1.8 it/s
  [val] acc@1px 0.125  acc@3px 0.388  acc@5px 0.550  median 4.4px  AP 0.254
  [val] std_x 255.10px  std_y 248.80px  distinct_preds 320/320
  saved new best (acc@3px 0.388)
step   8100  loss 2.3057  1.8 it/s
step   8200  loss 2.0073  1.8 it/s
step   8300  loss 2.0369  1.8 it/s
step   8400  loss 1.7188  1.8 it/s
step   8500  loss 1.1715  1.8 it/s
step   8600  loss 1.2654  1.8 it/s
step   8700  loss 1.3922  1.8 it/s
step   8800  loss 1.4028  1.8 it/s
step   8900  loss 1.1320  1.8 it/s
step   9000  loss 2.1738  1.8 it/s
  [val] acc@1px 0.147  acc@3px 0.444  acc@5px 0.591  median 3.6px  AP 0.332
  [val] std_x 265.33px  std_y 254.99px  distinct_preds 320/320
  saved new best (acc@3px 0.444)
step   9100  loss 2.0352  1.8 it/s
step   9200  loss 1.6275  1.8 it/s
step   9300  loss 1.6690  1.8 it/s
step   9400  loss 1.6611  1.8 it/s
step   9500  loss 1.5294  1.8 it/s
step   9600  loss 1.3632  1.8 it/s
step   9700  loss 1.1712  1.8 it/s
step   9800  loss 1.9102  1.8 it/s
step   9900  loss 1.9563  1.8 it/s
step  10000  loss 1.3073  1.8 it/s
  [val] acc@1px 0.150  acc@3px 0.384  acc@5px 0.528  median 4.6px  AP 0.235
  [val] std_x 264.05px  std_y 252.45px  distinct_preds 320/320
step  10100  loss 1.9756  1.8 it/s
step  10200  loss 1.2654  1.8 it/s
step  10300  loss 1.8595  1.8 it/s
step  10400  loss 1.8616  1.8 it/s
step  10500  loss 1.9228  1.8 it/s
step  10600  loss 1.1807  1.8 it/s
step  10700  loss 1.7388  1.8 it/s
step  10800  loss 1.5124  1.8 it/s
step  10900  loss 0.8732  1.8 it/s
step  11000  loss 1.3481  1.8 it/s
  [val] acc@1px 0.125  acc@3px 0.463  acc@5px 0.641  median 3.4px  AP 0.326
  [val] std_x 261.23px  std_y 254.25px  distinct_preds 320/320
  saved new best (acc@3px 0.463)
step  11100  loss 1.7860  1.8 it/s
step  11200  loss 1.7844  1.8 it/s
step  11300  loss 2.0431  1.8 it/s
step  11400  loss 1.4847  1.8 it/s
step  11500  loss 1.8042  1.8 it/s
step  11600  loss 1.2081  1.8 it/s
step  11700  loss 1.8965  1.8 it/s
step  11800  loss 1.0119  1.8 it/s
step  11900  loss 1.4800  1.8 it/s
step  12000  loss 1.4413  1.8 it/s
  [val] acc@1px 0.166  acc@3px 0.484  acc@5px 0.650  median 3.1px  AP 0.335
  [val] std_x 264.77px  std_y 252.49px  distinct_preds 320/320
  saved new best (acc@3px 0.484)
step  12100  loss 1.6238  1.8 it/s
step  12200  loss 1.4351  1.8 it/s
step  12300  loss 1.8716  1.8 it/s
step  12400  loss 1.1907  1.8 it/s
step  12500  loss 1.8192  1.8 it/s
step  12600  loss 1.6457  1.8 it/s
step  12700  loss 1.0712  1.8 it/s
step  12800  loss 1.1137  1.8 it/s
step  12900  loss 1.2766  1.8 it/s
step  13000  loss 1.8580  1.8 it/s
  [val] acc@1px 0.203  acc@3px 0.562  acc@5px 0.731  median 2.4px  AP 0.442
  [val] std_x 259.90px  std_y 254.95px  distinct_preds 320/320
  saved new best (acc@3px 0.562)
step  13100  loss 0.7959  1.8 it/s
step  13200  loss 2.3230  1.8 it/s
step  13300  loss 1.2123  1.8 it/s
step  13400  loss 1.0085  1.8 it/s
step  13500  loss 1.2606  1.8 it/s
step  13600  loss 1.5713  1.8 it/s
step  13700  loss 0.7210  1.8 it/s
step  13800  loss 1.0995  1.8 it/s
step  13900  loss 1.1293  1.8 it/s
step  14000  loss 1.0444  1.8 it/s
  [val] acc@1px 0.172  acc@3px 0.547  acc@5px 0.716  median 2.7px  AP 0.414
  [val] std_x 261.65px  std_y 251.19px  distinct_preds 320/320
step  14100  loss 0.9603  1.8 it/s
step  14200  loss 1.9279  1.8 it/s
step  14300  loss 1.2489  1.8 it/s
step  14400  loss 1.5978  1.8 it/s
step  14500  loss 1.0129  1.8 it/s
step  14600  loss 1.3996  1.8 it/s
step  14700  loss 1.6901  1.8 it/s
step  14800  loss 0.7266  1.8 it/s
step  14900  loss 1.1245  1.8 it/s
step  15000  loss 1.0667  1.8 it/s
  [val] acc@1px 0.166  acc@3px 0.503  acc@5px 0.688  median 3.0px  AP 0.399
  [val] std_x 266.03px  std_y 254.75px  distinct_preds 320/320
step  15100  loss 0.8190  1.8 it/s
step  15200  loss 1.2754  1.8 it/s
step  15300  loss 0.9728  1.8 it/s
step  15400  loss 1.3958  1.8 it/s
step  15500  loss 2.2172  1.8 it/s
step  15600  loss 0.7287  1.8 it/s
step  15700  loss 0.8148  1.8 it/s
step  15800  loss 0.7932  1.8 it/s
step  15900  loss 1.0552  1.8 it/s
step  16000  loss 1.2589  1.8 it/s
  [val] acc@1px 0.219  acc@3px 0.550  acc@5px 0.719  median 2.5px  AP 0.426
  [val] std_x 261.14px  std_y 252.67px  distinct_preds 320/320
step  16100  loss 0.8243  1.8 it/s
step  16200  loss 0.9572  1.8 it/s
step  16300  loss 1.0158  1.8 it/s
step  16400  loss 0.9816  1.8 it/s
step  16500  loss 1.1476  1.8 it/s
step  16600  loss 1.4633  1.8 it/s
step  16700  loss 0.9372  1.8 it/s
step  16800  loss 1.2400  1.8 it/s
step  16900  loss 1.2130  1.8 it/s
step  17000  loss 1.1767  1.8 it/s
  [val] acc@1px 0.294  acc@3px 0.647  acc@5px 0.778  median 1.8px  AP 0.555
  [val] std_x 263.07px  std_y 256.37px  distinct_preds 320/320
  saved new best (acc@3px 0.647)
step  17100  loss 0.7378  1.8 it/s
step  17200  loss 0.6756  1.8 it/s
step  17300  loss 0.7972  1.8 it/s
step  17400  loss 0.8904  1.8 it/s
step  17500  loss 0.9148  1.8 it/s
step  17600  loss 1.5829  1.8 it/s
step  17700  loss 0.9629  1.8 it/s
step  17800  loss 1.0498  1.8 it/s
step  17900  loss 0.6996  1.8 it/s
step  18000  loss 1.3184  1.8 it/s
  [val] acc@1px 0.228  acc@3px 0.597  acc@5px 0.734  median 2.3px  AP 0.509
  [val] std_x 263.77px  std_y 258.64px  distinct_preds 320/320
step  18100  loss 1.5723  1.8 it/s
step  18200  loss 0.8233  1.8 it/s
step  18300  loss 1.5378  1.8 it/s
step  18400  loss 0.6888  1.8 it/s
step  18500  loss 1.5190  1.8 it/s
step  18600  loss 0.7074  1.8 it/s
step  18700  loss 0.6173  1.8 it/s
step  18800  loss 1.2812  1.8 it/s
step  18900  loss 0.9104  1.8 it/s
step  19000  loss 1.7430  1.8 it/s
  [val] acc@1px 0.263  acc@3px 0.556  acc@5px 0.734  median 2.5px  AP 0.445
  [val] std_x 264.23px  std_y 257.40px  distinct_preds 320/320
step  19100  loss 1.5683  1.8 it/s
step  19200  loss 1.3602  1.8 it/s
step  19300  loss 1.1291  1.8 it/s
step  19400  loss 0.6396  1.8 it/s
step  19500  loss 1.0229  1.8 it/s
step  19600  loss 0.7319  1.8 it/s
step  19700  loss 0.4449  1.8 it/s
step  19800  loss 0.7159  1.8 it/s
step  19900  loss 0.4660  1.8 it/s
step  20000  loss 1.4802  1.8 it/s
  [val] acc@1px 0.237  acc@3px 0.628  acc@5px 0.778  median 2.0px  AP 0.537
  [val] std_x 268.46px  std_y 256.38px  distinct_preds 320/320
step  20100  loss 1.1728  1.8 it/s
step  20200  loss 1.3742  1.8 it/s
step  20300  loss 1.5508  1.8 it/s
step  20400  loss 0.5500  1.8 it/s
step  20500  loss 0.6836  1.8 it/s
step  20600  loss 0.8377  1.8 it/s
step  20700  loss 0.8516  1.8 it/s
step  20800  loss 0.7676  1.8 it/s
step  20900  loss 0.8233  1.8 it/s
step  21000  loss 0.9606  1.8 it/s
  [val] acc@1px 0.269  acc@3px 0.647  acc@5px 0.784  median 1.9px  AP 0.561
  [val] std_x 261.14px  std_y 256.58px  distinct_preds 320/320
step  21100  loss 1.5172  1.8 it/s
step  21200  loss 0.8250  1.8 it/s
step  21300  loss 0.9930  1.8 it/s
step  21400  loss 0.7515  1.8 it/s
step  21500  loss 0.7223  1.8 it/s
step  21600  loss 0.4377  1.8 it/s
step  21700  loss 0.4497  1.8 it/s
step  21800  loss 0.8956  1.8 it/s
step  21900  loss 0.8779  1.8 it/s
step  22000  loss 0.5895  1.8 it/s
  [val] acc@1px 0.347  acc@3px 0.669  acc@5px 0.847  median 1.7px  AP 0.586
  [val] std_x 264.24px  std_y 254.67px  distinct_preds 320/320
  saved new best (acc@3px 0.669)
step  22100  loss 1.4177  1.8 it/s
step  22200  loss 0.7744  1.8 it/s
step  22300  loss 0.8251  1.8 it/s
step  22400  loss 0.8587  1.8 it/s
step  22500  loss 0.5566  1.8 it/s
step  22600  loss 0.6457  1.8 it/s
step  22700  loss 0.6456  1.8 it/s
step  22800  loss 0.6524  1.8 it/s
step  22900  loss 0.8593  1.8 it/s
step  23000  loss 0.9870  1.8 it/s
  [val] acc@1px 0.275  acc@3px 0.597  acc@5px 0.747  median 2.2px  AP 0.506
  [val] std_x 261.61px  std_y 258.96px  distinct_preds 320/320
step  23100  loss 0.7507  1.8 it/s
step  23200  loss 0.7166  1.8 it/s
step  23300  loss 0.5110  1.8 it/s
step  23400  loss 0.7149  1.8 it/s
step  23500  loss 0.5085  1.8 it/s
step  23600  loss 1.0071  1.8 it/s
step  23700  loss 0.5430  1.8 it/s
step  23800  loss 1.0777  1.8 it/s
step  23900  loss 0.7383  1.8 it/s
step  24000  loss 0.8114  1.8 it/s
  [val] acc@1px 0.300  acc@3px 0.681  acc@5px 0.822  median 1.8px  AP 0.596
  [val] std_x 265.60px  std_y 258.26px  distinct_preds 320/320
  saved new best (acc@3px 0.681)
step  24100  loss 0.6433  1.8 it/s
step  24200  loss 0.4113  1.8 it/s
step  24300  loss 0.9567  1.8 it/s
step  24400  loss 0.6059  1.8 it/s
step  24500  loss 0.7601  1.8 it/s
step  24600  loss 1.6035  1.8 it/s
step  24700  loss 1.0307  1.8 it/s
step  24800  loss 0.5010  1.8 it/s
step  24900  loss 0.7279  1.8 it/s
step  25000  loss 0.8539  1.8 it/s
  [val] acc@1px 0.272  acc@3px 0.591  acc@5px 0.734  median 2.2px  AP 0.500
  [val] std_x 263.06px  std_y 260.69px  distinct_preds 320/320
step  25100  loss 0.9830  1.8 it/s
step  25200  loss 0.7491  1.8 it/s
step  25300  loss 0.5892  1.8 it/s
step  25400  loss 0.5511  1.8 it/s
step  25500  loss 0.8600  1.8 it/s
step  25600  loss 0.7007  1.8 it/s
step  25700  loss 0.7599  1.8 it/s
step  25800  loss 0.8789  1.8 it/s
step  25900  loss 0.8401  1.8 it/s
step  26000  loss 0.5830  1.8 it/s
  [val] acc@1px 0.291  acc@3px 0.637  acc@5px 0.778  median 1.9px  AP 0.564
  [val] std_x 263.48px  std_y 256.09px  distinct_preds 320/320
step  26100  loss 1.0021  1.8 it/s
step  26200  loss 0.8042  1.8 it/s
  WARNING: non-finite input at step 26259 -- skipping this batch (not counted toward --steps-this-run/--max-steps)
step  26300  loss 0.3964  1.8 it/s
step  26400  loss 0.9340  1.8 it/s
step  26500  loss 0.6962  1.8 it/s
step  26600  loss 0.8198  1.8 it/s
step  26700  loss 0.3354  1.8 it/s
step  26800  loss 1.3348  1.8 it/s
step  26900  loss 0.7331  1.8 it/s
step  27000  loss 0.7665  1.8 it/s
  [val] acc@1px 0.284  acc@3px 0.628  acc@5px 0.787  median 1.8px  AP 0.532
  [val] std_x 264.55px  std_y 254.45px  distinct_preds 320/320
step  27100  loss 0.9041  1.8 it/s
step  27200  loss 0.7900  1.8 it/s
step  27300  loss 0.8899  1.8 it/s
step  27400  loss 0.5982  1.8 it/s
step  27500  loss 0.6025  1.8 it/s
step  27600  loss 0.8453  1.8 it/s
step  27700  loss 0.5127  1.8 it/s
step  27800  loss 0.5364  1.8 it/s
step  27900  loss 0.7495  1.8 it/s
step  28000  loss 0.4950  1.8 it/s
  [val] acc@1px 0.266  acc@3px 0.628  acc@5px 0.778  median 1.9px  AP 0.547
  [val] std_x 266.75px  std_y 256.72px  distinct_preds 320/320
step  28100  loss 0.6932  1.8 it/s
step  28200  loss 0.6380  1.8 it/s
step  28300  loss 0.5868  1.8 it/s
step  28400  loss 1.4056  1.8 it/s
step  28500  loss 1.0273  1.8 it/s
step  28600  loss 0.9063  1.8 it/s
step  28700  loss 1.0116  1.8 it/s
step  28800  loss 0.4997  1.8 it/s
step  28900  loss 0.7791  1.8 it/s
step  29000  loss 0.5164  1.8 it/s
/home/nihal/miniconda3/lib/python3.14/multiprocessing/resource_tracker.py:475: UserWarning: resource_tracker: There appear to be 26 leaked semaphore objects to clean up at shutdown: {'/mp-pmf_j_ja', '/mp-bwozsfvt', '/mp-6bazbtyx', '/mp-x37fvy4q', '/mp-bdoaoum6', '/mp-tjboptgt', '/mp-1kgpw29v', '/mp-l7dxog8f', '/mp-f9oug4tb', '/mp-wx6c7shq', '/mp-s_buasou', '/mp-qxz_3v0a', '/mp-tgx1p64r', '/mp-1_ko141i', '/mp-zgt80sph', '/mp-36rkpomb', '/mp-1ijd85j2', '/mp-393t8nzs', '/mp-5sxj0t4w', '/mp-69dbxd8z', '/mp-7rhq5_y4', '/mp-kahncfip', '/mp-_j9d8ow0', '/mp-epo_chr9', '/mp-_7gn6951', '/mp-k6pctto8'}
  warnings.warn(
