config: batch_size=8 lr=0.001 hard_negative_radius_cells=24 lambda_hard_negative=0.0 imaging_noise_profile=normal geometric_profile=normal dram_presets=all
calibrated align_offset = 0.474 px
/home/nihal/Desktop/Huggingface/KryonixNova/puthere/scripts/train.py:337: UserWarning: Detected call of `lr_scheduler.step()` before `optimizer.step()`. In PyTorch 1.1.0 and later, you should call them in the opposite order: `optimizer.step()` before `lr_scheduler.step()`.  Failure to do this will result in PyTorch skipping the first value of the learning rate schedule. See more details at https://pytorch.org/docs/stable/optim.html#how-to-adjust-learning-rate
  sched.step()
/home/nihal/Desktop/Huggingface/KryonixNova/puthere/scripts/train.py:341: UserWarning: Converting a tensor with requires_grad=True to a scalar may lead to unexpected behavior.
Consider using tensor.detach() first. (Triggered internally at /__w/pytorch/pytorch/torch/csrc/autograd/generated/python_variable_methods.cpp:822.)
  print(f"step {step:>6}  loss {float(loss):.4f}  "
step    100  loss 4.8285  1.4 it/s
step    200  loss 3.2294  1.6 it/s
step    300  loss 2.8205  1.6 it/s
step    400  loss 0.9687  1.7 it/s
step    500  loss 0.6489  1.7 it/s
step    600  loss 0.9068  1.8 it/s
step    700  loss 0.9385  1.8 it/s
step    800  loss 0.6356  1.8 it/s
step    900  loss 0.4834  1.8 it/s
step   1000  loss 0.4443  1.9 it/s
  [val] acc@1px 0.769  acc@3px 0.966  acc@5px 0.966  median 0.6px  AP 0.964
  [val] std_x 266.81px  std_y 254.73px  distinct_preds 320/320
  saved new best (acc@5px 0.966)
step   1100  loss 0.8997  1.8 it/s
step   1200  loss 0.6325  1.8 it/s
step   1300  loss 0.4971  1.8 it/s
step   1400  loss 0.4365  1.8 it/s
step   1500  loss 0.2830  1.8 it/s
step   1600  loss 0.2743  1.8 it/s
step   1700  loss 0.2771  1.9 it/s
step   1800  loss 0.5958  1.9 it/s
step   1900  loss 0.4408  1.9 it/s
step   2000  loss 0.2610  1.9 it/s
  [val] acc@1px 0.884  acc@3px 0.994  acc@5px 0.994  median 0.4px  AP 0.994
  [val] std_x 263.69px  std_y 255.41px  distinct_preds 320/320
  saved new best (acc@5px 0.994)
step   2100  loss 0.5708  1.8 it/s
step   2200  loss 0.2593  1.8 it/s
step   2300  loss 0.3179  1.9 it/s
step   2400  loss 0.3066  1.9 it/s
step   2500  loss 0.1921  1.9 it/s
step   2600  loss 0.4410  1.9 it/s
step   2700  loss 0.4505  1.9 it/s
step   2800  loss 0.3194  1.9 it/s
step   2900  loss 0.2404  1.9 it/s
step   3000  loss 0.2890  1.9 it/s
  [val] acc@1px 0.916  acc@3px 0.997  acc@5px 0.997  median 0.5px  AP 0.997
  [val] std_x 264.31px  std_y 255.43px  distinct_preds 320/320
  saved new best (acc@5px 0.997)
step   3100  loss 0.3375  1.9 it/s
step   3200  loss 0.3960  1.9 it/s
step   3300  loss 0.2848  1.9 it/s
step   3400  loss 0.3359  1.9 it/s
step   3500  loss 0.2596  1.9 it/s
step   3600  loss 0.3697  1.9 it/s
step   3700  loss 0.2557  1.9 it/s
step   3800  loss 0.3226  1.9 it/s
step   3900  loss 0.2338  1.9 it/s
step   4000  loss 0.2471  1.9 it/s
  [val] acc@1px 0.953  acc@3px 1.000  acc@5px 1.000  median 0.4px  AP 1.000
  [val] std_x 264.34px  std_y 255.38px  distinct_preds 320/320
  saved new best (acc@5px 1.000)
step   4100  loss 0.2543  1.9 it/s
step   4200  loss 0.3902  1.9 it/s
step   4300  loss 0.2900  1.9 it/s
step   4400  loss 0.3148  1.9 it/s
step   4500  loss 0.3496  1.9 it/s
step   4600  loss 0.2196  1.9 it/s
step   4700  loss 0.2101  1.9 it/s
step   4800  loss 0.3218  1.9 it/s
step   4900  loss 0.3023  1.9 it/s
step   5000  loss 0.2787  1.9 it/s
  [val] acc@1px 0.956  acc@3px 1.000  acc@5px 1.000  median 0.4px  AP 1.000
  [val] std_x 264.37px  std_y 255.41px  distinct_preds 320/320
step   5100  loss 0.2314  1.9 it/s
step   5200  loss 0.1841  1.9 it/s
step   5300  loss 0.1749  1.9 it/s
step   5400  loss 0.2796  1.9 it/s
step   5500  loss 0.5391  1.9 it/s
step   5600  loss 0.1946  1.9 it/s
step   5700  loss 0.1451  1.9 it/s
step   5800  loss 0.2161  1.9 it/s
step   5900  loss 0.1194  1.9 it/s
step   6000  loss 0.3378  1.9 it/s
  [val] acc@1px 0.900  acc@3px 1.000  acc@5px 1.000  median 0.4px  AP 1.000
  [val] std_x 264.33px  std_y 255.38px  distinct_preds 320/320
step   6100  loss 0.4484  1.9 it/s
step   6200  loss 0.1608  1.9 it/s
step   6300  loss 0.1779  1.9 it/s
step   6400  loss 0.2397  1.9 it/s
step   6500  loss 0.2120  1.9 it/s
step   6600  loss 0.2100  1.9 it/s
step   6700  loss 0.1607  1.9 it/s
step   6800  loss 0.3174  1.9 it/s
step   6900  loss 0.1985  1.9 it/s
step   7000  loss 0.4463  1.9 it/s
/home/nihal/miniconda3/lib/python3.14/multiprocessing/resource_tracker.py:475: UserWarning: resource_tracker: There appear to be 26 leaked semaphore objects to clean up at shutdown: {'/mp-osmaloow', '/mp-efuzuajq', '/mp-j6y7jaoa', '/mp-8hxbnvgl', '/mp-_at8oc6y', '/mp-q3_lur96', '/mp-wkr6gcxi', '/mp-snlernet', '/mp-pfxl_92z', '/mp-zgq2re57', '/mp-5849l1is', '/mp-g91qytdu', '/mp-le6lwvkf', '/mp-zkqwm_22', '/mp-x3n1kglz', '/mp-6ra6_ylt', '/mp-mznm6m1f', '/mp-rhjiou3p', '/mp-g827xpj_', '/mp-xn4dt8ya', '/mp-hnvz1dht', '/mp-mtb25khv', '/mp-au8nk56e', '/mp-svsm0pzv', '/mp-lsbises9', '/mp-ydzmvta9'}
  warnings.warn(
